I'm sorry, but errors were detected in your script. Please correct the
errors listed below, and try again.


File "game/script.rpy", line 259: expected statement.
    just whoDigInTable      
                            ^

Ren'Py Version: Ren'Py 8.0.0.22062402
Wed Sep 14 05:33:39 2022
